// Jest Snapshot v1, https://jestjs.io/docs/snapshot-testing

exports[`Test fn \`assert\` should assert an expression 1`] = `"Assertion Error."`;

exports[`Test fn \`assertIsNever\` should throw an error 1`] = `"hello world should be "never" type."`;
