// Jest Snapshot v1, https://jestjs.io/docs/snapshot-testing

exports[`Test component \`Introduction\` should render 1`] = `
<DocumentFragment>
  <header
    class="introduction"
  >
    <img
      alt="logo"
      class="logo"
      src="logo.svg"
    />
    <p>
      Edit 
      <code>
        src/MainWindow/containers/Home/components/Introduction/Introduction.tsx
      </code>
       and save to reload.
    </p>
    <a
      class="link"
      href="https://github.com/yifanwww/template-electron-react"
      rel="noopener noreferrer"
      target="_blank"
    >
      Learn template-electron-react
    </a>
  </header>
  <div
    class="appDetails"
  >
    <code>
      Name: ter
    </code>
    <code>
      Version: unknown
    </code>
    <code>
      Electron: unknown
    </code>
    <code>
      Chrome: unknown
    </code>
    <code>
      Node.js: unknown
    </code>
    <code>
      V8: unknown
    </code>
  </div>
</DocumentFragment>
`;
