// Jest Snapshot v1, https://jestjs.io/docs/snapshot-testing

exports[`Test fn \`assertIsNever\` should throw an error 1`] = `""hello world" should be "never" type."`;
